******************************************************************************
                  MSP430 Linker PC v4.4.5                      
******************************************************************************
>> Linked Thu May 05 16:04:48 2016

OUTPUT FILE NAME:   <maxOS.out>
ENTRY POINT SYMBOL: "_c_int00_noargs_noexit"  address: 0000c78c


MEMORY CONFIGURATION

         name            origin    length      used     unused   attr    fill
----------------------  --------  ---------  --------  --------  ----  --------
  SFR                   00000000   00000010  00000000  00000010  RWIX
  PERIPHERALS_8BIT      00000010   000000f0  00000000  000000f0  RWIX
  PERIPHERALS_16BIT     00000100   00000100  00000000  00000100  RWIX
  RAM                   00000200   00000200  000001b2  0000004e  RWIX
  INFOD                 00001000   00000040  00000000  00000040  RWIX
  INFOC                 00001040   00000040  00000000  00000040  RWIX
  INFOB                 00001080   00000040  00000000  00000040  RWIX
  INFOA                 000010c0   00000040  00000000  00000040  RWIX
  FLASH                 0000c000   00003fde  00000864  0000377a  RWIX
  BSLSIGNATURE          0000ffde   00000002  00000002  00000000  RWIX  ffff 
  INT00                 0000ffe0   00000002  00000002  00000000  RWIX
  INT01                 0000ffe2   00000002  00000000  00000002  RWIX
  INT02                 0000ffe4   00000002  00000002  00000000  RWIX
  INT03                 0000ffe6   00000002  00000002  00000000  RWIX
  INT04                 0000ffe8   00000002  00000000  00000002  RWIX
  INT05                 0000ffea   00000002  00000002  00000000  RWIX
  INT06                 0000ffec   00000002  00000002  00000000  RWIX
  INT07                 0000ffee   00000002  00000002  00000000  RWIX
  INT08                 0000fff0   00000002  00000002  00000000  RWIX
  INT09                 0000fff2   00000002  00000002  00000000  RWIX
  INT10                 0000fff4   00000002  00000002  00000000  RWIX
  INT11                 0000fff6   00000002  00000002  00000000  RWIX
  INT12                 0000fff8   00000002  00000002  00000000  RWIX
  INT13                 0000fffa   00000002  00000002  00000000  RWIX
  INT14                 0000fffc   00000002  00000002  00000000  RWIX
  RESET                 0000fffe   00000002  00000002  00000000  RWIX


SECTION ALLOCATION MAP

 output                                  attributes/
section   page    origin      length       input sections
--------  ----  ----------  ----------   ----------------
.sysmem    0    00000200    0000012c     UNINITIALIZED
                  00000200    00000004     rts430_eabi.lib : memory.obj (.sysmem)
                  00000204    00000128     --HOLE--

.data      0    0000032c    0000002a     UNINITIALIZED
                  0000032c    0000001c     maxos.obj (.data)
                  00000348    00000007     main.obj (.data)
                  0000034f    00000001     --HOLE--
                  00000350    00000002     rts430_eabi.lib : _lock.obj (.data:_lock)
                  00000352    00000002                     : _lock.obj (.data:_unlock)
                  00000354    00000002                     : memory.obj (.data)

.bss       0    00000358    0000000c     UNINITIALIZED
                  00000358    00000006     maxos.obj (.bss)
                  0000035e    00000002     (.common:memsize)
                  00000360    00000002     (.common:sys_base)
                  00000362    00000002     (.common:sys_free)

.stack     0    000003b0    00000050     UNINITIALIZED
                  000003b0    00000002     rts430_eabi.lib : boot.obj (.stack)
                  000003b2    0000004e     --HOLE--

.text      0    0000c000    00000842     
                  0000c000    0000014e     maxos.obj (.text:run_task)
                  0000c14e    000000d8     maxos.obj (.text:os_create_task)
                  0000c226    000000ae     rts430_eabi.lib : memory.obj (.text:malloc)
                  0000c2d4    000000a0     maxos.obj (.text:check_waitlist)
                  0000c374    0000009c     maxos.obj (.text:check_readylist)
                  0000c410    00000080     rts430_eabi.lib : memory.obj (.text:free)
                  0000c490    00000066     maxos.obj (.text:os_init)
                  0000c4f6    00000064     rts430_eabi.lib : copy_decompress_rle.obj (.text:__TI_decompress_rle_core)
                  0000c55a    00000062     maxos.obj (.text:timerA0ISR)
                  0000c5bc    0000005e     maxos.obj (.text:os_remove_tcb_from_list)
                  0000c61a    00000058     rts430_eabi.lib : autoinit.obj (.text:_auto_init)
                  0000c672    00000048     main.obj (.text:main)
                  0000c6ba    00000038     rts430_eabi.lib : memory.obj (.text:minit)
                  0000c6f2    0000002e     maxos.obj (.text:os_schedule)
                  0000c720    0000002c     rts430_eabi.lib : lsl16.obj (.text)
                  0000c74c    00000022     main.obj (.text:ReceiveInterrupt)
                  0000c76e    0000001e     maxos.obj (.text:os_start)
                  0000c78c    0000001a     rts430_eabi.lib : boot_special.obj (.text:_c_int00_noargs_noexit)
                  0000c7a6    0000001a     maxos.obj (.text:os_post_event)
                  0000c7c0    00000014     rts430_eabi.lib : copy_zero_init.obj (.text:decompress:ZI:__TI_zero_init)
                  0000c7d4    00000012                     : copy_decompress_none.obj (.text:decompress:none:__TI_decompress_none)
                  0000c7e6    00000012                     : memcpy.obj (.text:memcpy)
                  0000c7f8    00000010                     : epilog.obj (.text)
                  0000c808    0000000e     main.obj (.text:init_led)
                  0000c816    00000008     maxos.obj (.text:blink_green)
                  0000c81e    00000008     maxos.obj (.text:context_return)
                  0000c826    00000006     rts430_eabi.lib : isr_trap.obj (.text:_isr:__TI_ISR_TRAP)
                  0000c82c    00000006     main.obj (.text:blink_red)
                  0000c832    00000006     rts430_eabi.lib : copy_decompress_rle.obj (.text:decompress:rle24:__TI_decompress_rle24)
                  0000c838    00000004                     : pre_init.obj (.text:_system_pre_init)
                  0000c83c    00000004                     : exit.obj (.text:abort)
                  0000c840    00000002                     : _lock.obj (.text:_nop)

.cinit     0    0000c842    00000022     
                  0000c842    0000000f     (.cinit..data.load) [load image, compression = rle]
                  0000c851    00000001     --HOLE-- [fill = 0]
                  0000c852    00000006     (__TI_handler_table)
                  0000c858    00000004     (.cinit..bss.load) [load image, compression = zero_init]
                  0000c85c    00000008     (__TI_cinit_table)

.init_array 
*          0    0000c000    00000000     UNINITIALIZED

.TI.persistent 
*          0    0000032c    00000000     UNINITIALIZED

$fill000   0    0000ffde    00000002     
                  0000ffde    00000002     --HOLE-- [fill = ffff]

TRAPINT    0    0000ffe0    00000002     
                  0000ffe0    00000002     rts430_eabi.lib : int00.obj (.int00)

PORT1      0    0000ffe4    00000002     
                  0000ffe4    00000002     rts430_eabi.lib : int02.obj (.int02)

PORT2      0    0000ffe6    00000002     
                  0000ffe6    00000002     rts430_eabi.lib : int03.obj (.int03)

ADC10      0    0000ffea    00000002     
                  0000ffea    00000002     rts430_eabi.lib : int05.obj (.int05)

USCIAB0TX 
*          0    0000ffec    00000002     
                  0000ffec    00000002     rts430_eabi.lib : int06.obj (.int06)

USCIAB0RX 
*          0    0000ffee    00000002     
                  0000ffee    00000002     main.obj (.int07)

TIMER0_A1 
*          0    0000fff0    00000002     
                  0000fff0    00000002     rts430_eabi.lib : int08.obj (.int08)

TIMER0_A0 
*          0    0000fff2    00000002     
                  0000fff2    00000002     maxos.obj (.int09)

WDT        0    0000fff4    00000002     
                  0000fff4    00000002     rts430_eabi.lib : int10.obj (.int10)

COMPARATORA 
*          0    0000fff6    00000002     
                  0000fff6    00000002     rts430_eabi.lib : int11.obj (.int11)

TIMER1_A1 
*          0    0000fff8    00000002     
                  0000fff8    00000002     rts430_eabi.lib : int12.obj (.int12)

TIMER1_A0 
*          0    0000fffa    00000002     
                  0000fffa    00000002     rts430_eabi.lib : int13.obj (.int13)

NMI        0    0000fffc    00000002     
                  0000fffc    00000002     rts430_eabi.lib : int14.obj (.int14)

.reset     0    0000fffe    00000002     
                  0000fffe    00000002     rts430_eabi.lib : boot.obj (.reset)


LINKER GENERATED COPY TABLES

__TI_cinit_table @ 0000c85c records: 2, size/record: 4, table size: 8
	.data: load addr=0000c842, load size=0000000f bytes, run addr=0000032c, run size=0000002a bytes, compression=rle
	.bss: load addr=0000c858, load size=00000004 bytes, run addr=00000358, run size=0000000c bytes, compression=zero_init


LINKER GENERATED HANDLER TABLE

__TI_handler_table @ 0000c852 records: 3, size/record: 2, table size: 6
	index: 0, handler: __TI_zero_init
	index: 1, handler: __TI_decompress_rle24
	index: 2, handler: __TI_decompress_none


GLOBAL SYMBOLS: SORTED ALPHABETICALLY BY Name 

address   name                    
-------   ----                    
0000004a  ADC10AE0                
000001b0  ADC10CTL0               
000001b2  ADC10CTL1               
00000048  ADC10DTC0               
00000049  ADC10DTC1               
000001b4  ADC10MEM                
000001bc  ADC10SA                 
00000057  BCSCTL1                 
00000058  BCSCTL2                 
00000053  BCSCTL3                 
0000c83c  C$$EXIT                 
00000059  CACTL1                  
0000005a  CACTL2                  
000010fb  CALBC1_12MHZ            
000010f9  CALBC1_16MHZ            
000010ff  CALBC1_1MHZ             
000010fd  CALBC1_8MHZ             
000010fa  CALDCO_12MHZ            
000010f8  CALDCO_16MHZ            
000010fe  CALDCO_1MHZ             
000010fc  CALDCO_8MHZ             
0000005b  CAPD                    
00000056  DCOCTL                  
00000128  FCTL1                   
0000012a  FCTL2                   
0000012c  FCTL3                   
00000000  IE1                     
00000001  IE2                     
00000002  IFG1                    
00000003  IFG2                    
00000022  P1DIR                   
00000025  P1IE                    
00000024  P1IES                   
00000023  P1IFG                   
00000020  P1IN                    
00000021  P1OUT                   
00000027  P1REN                   
00000026  P1SEL                   
00000041  P1SEL2                  
0000002a  P2DIR                   
0000002d  P2IE                    
0000002c  P2IES                   
0000002b  P2IFG                   
00000028  P2IN                    
00000029  P2OUT                   
0000002f  P2REN                   
0000002e  P2SEL                   
00000042  P2SEL2                  
0000001a  P3DIR                   
00000018  P3IN                    
00000019  P3OUT                   
00000010  P3REN                   
0000001b  P3SEL                   
00000043  P3SEL2                  
0000c74c  ReceiveInterrupt        
00000172  TA0CCR0                 
00000174  TA0CCR1                 
00000176  TA0CCR2                 
00000162  TA0CCTL0                
00000164  TA0CCTL1                
00000166  TA0CCTL2                
00000160  TA0CTL                  
0000012e  TA0IV                   
00000170  TA0R                    
00000192  TA1CCR0                 
00000194  TA1CCR1                 
00000196  TA1CCR2                 
00000182  TA1CCTL0                
00000184  TA1CCTL1                
00000186  TA1CCTL2                
00000180  TA1CTL                  
0000011e  TA1IV                   
00000190  TA1R                    
000010db  TLV_ADC10_1_LEN         
000010da  TLV_ADC10_1_TAG         
000010c0  TLV_CHECKSUM            
000010f7  TLV_DCO_30_LEN          
000010f6  TLV_DCO_30_TAG          
0000005d  UCA0ABCTL               
00000062  UCA0BR0                 
00000063  UCA0BR1                 
00000060  UCA0CTL0                
00000061  UCA0CTL1                
0000005f  UCA0IRRCTL              
0000005e  UCA0IRTCTL              
00000064  UCA0MCTL                
00000066  UCA0RXBUF               
00000065  UCA0STAT                
00000067  UCA0TXBUF               
0000006a  UCB0BR0                 
0000006b  UCB0BR1                 
00000068  UCB0CTL0                
00000069  UCB0CTL1                
0000006c  UCB0I2CIE               
00000118  UCB0I2COA               
0000011a  UCB0I2CSA               
0000006e  UCB0RXBUF               
0000006d  UCB0STAT                
0000006f  UCB0TXBUF               
00000120  WDTCTL                  
00000400  __STACK_END             
00000050  __STACK_SIZE            
0000012c  __SYSMEM_SIZE           
0000c85c  __TI_CINIT_Base         
0000c864  __TI_CINIT_Limit        
0000c852  __TI_Handler_Table_Base 
0000c858  __TI_Handler_Table_Limit
UNDEFED   __TI_INITARRAY_Base     
UNDEFED   __TI_INITARRAY_Limit    
0000c826  __TI_ISR_TRAP           
0000c7d4  __TI_decompress_none    
0000c832  __TI_decompress_rle24   
0000ffe0  __TI_int00              
0000ffe4  __TI_int02              
0000ffe6  __TI_int03              
0000ffea  __TI_int05              
0000ffec  __TI_int06              
0000ffee  __TI_int07              
0000fff0  __TI_int08              
0000fff2  __TI_int09              
0000fff4  __TI_int10              
0000fff6  __TI_int11              
0000fff8  __TI_int12              
0000fffa  __TI_int13              
0000fffc  __TI_int14              
0000c7c0  __TI_zero_init          
ffffffff  __binit__               
ffffffff  __c_args__              
0000c804  __mspabi_func_epilog_1  
0000c802  __mspabi_func_epilog_2  
0000c800  __mspabi_func_epilog_3  
0000c7fe  __mspabi_func_epilog_4  
0000c7fc  __mspabi_func_epilog_5  
0000c7fa  __mspabi_func_epilog_6  
0000c7f8  __mspabi_func_epilog_7  
0000c720  __mspabi_slli           
0000c748  __mspabi_slli_1         
0000c736  __mspabi_slli_10        
0000c734  __mspabi_slli_11        
0000c732  __mspabi_slli_12        
0000c730  __mspabi_slli_13        
0000c72e  __mspabi_slli_14        
0000c72c  __mspabi_slli_15        
0000c746  __mspabi_slli_2         
0000c744  __mspabi_slli_3         
0000c742  __mspabi_slli_4         
0000c740  __mspabi_slli_5         
0000c73e  __mspabi_slli_6         
0000c73c  __mspabi_slli_7         
0000c73a  __mspabi_slli_8         
0000c738  __mspabi_slli_9         
0000c61a  _auto_init              
0000c78c  _c_int00_noargs_noexit  
00000350  _lock                   
0000c840  _nop                    
0000fffe  _reset_vector           
000003b0  _stack                  
00000200  _sys_memory             
0000c838  _system_pre_init        
00000352  _unlock                 
0000c83c  abort                   
ffffffff  binit                   
0000c374  check_readylist         
0000c2d4  check_waitlist          
0000c81e  context_return          
0000c410  free                    
00000348  green_led_task          
0000c808  init_led                
0000c672  main                    
0000c226  malloc                  
0000c7e6  memcpy                  
0000c6ba  minit                   
0000c14e  os_create_task          
0000c490  os_init                 
0000c7a6  os_post_event           
0000c5bc  os_remove_tcb_from_list 
0000c6f2  os_schedule             
0000c76e  os_start                
00000358  preemptive_func         
00000349  red_led_task            
0000034c  return_argument         
0000c000  run_task                
0000035c  sr_save                 
0000c55a  timerA0ISR              
0000034e  to_transmit             
0000034a  uart_receive_task       
0000034b  uart_transmit_task      


GLOBAL SYMBOLS: SORTED BY Symbol Address 

address   name                    
-------   ----                    
00000000  IE1                     
00000001  IE2                     
00000002  IFG1                    
00000003  IFG2                    
00000010  P3REN                   
00000018  P3IN                    
00000019  P3OUT                   
0000001a  P3DIR                   
0000001b  P3SEL                   
00000020  P1IN                    
00000021  P1OUT                   
00000022  P1DIR                   
00000023  P1IFG                   
00000024  P1IES                   
00000025  P1IE                    
00000026  P1SEL                   
00000027  P1REN                   
00000028  P2IN                    
00000029  P2OUT                   
0000002a  P2DIR                   
0000002b  P2IFG                   
0000002c  P2IES                   
0000002d  P2IE                    
0000002e  P2SEL                   
0000002f  P2REN                   
00000041  P1SEL2                  
00000042  P2SEL2                  
00000043  P3SEL2                  
00000048  ADC10DTC0               
00000049  ADC10DTC1               
0000004a  ADC10AE0                
00000050  __STACK_SIZE            
00000053  BCSCTL3                 
00000056  DCOCTL                  
00000057  BCSCTL1                 
00000058  BCSCTL2                 
00000059  CACTL1                  
0000005a  CACTL2                  
0000005b  CAPD                    
0000005d  UCA0ABCTL               
0000005e  UCA0IRTCTL              
0000005f  UCA0IRRCTL              
00000060  UCA0CTL0                
00000061  UCA0CTL1                
00000062  UCA0BR0                 
00000063  UCA0BR1                 
00000064  UCA0MCTL                
00000065  UCA0STAT                
00000066  UCA0RXBUF               
00000067  UCA0TXBUF               
00000068  UCB0CTL0                
00000069  UCB0CTL1                
0000006a  UCB0BR0                 
0000006b  UCB0BR1                 
0000006c  UCB0I2CIE               
0000006d  UCB0STAT                
0000006e  UCB0RXBUF               
0000006f  UCB0TXBUF               
00000118  UCB0I2COA               
0000011a  UCB0I2CSA               
0000011e  TA1IV                   
00000120  WDTCTL                  
00000128  FCTL1                   
0000012a  FCTL2                   
0000012c  FCTL3                   
0000012c  __SYSMEM_SIZE           
0000012e  TA0IV                   
00000160  TA0CTL                  
00000162  TA0CCTL0                
00000164  TA0CCTL1                
00000166  TA0CCTL2                
00000170  TA0R                    
00000172  TA0CCR0                 
00000174  TA0CCR1                 
00000176  TA0CCR2                 
00000180  TA1CTL                  
00000182  TA1CCTL0                
00000184  TA1CCTL1                
00000186  TA1CCTL2                
00000190  TA1R                    
00000192  TA1CCR0                 
00000194  TA1CCR1                 
00000196  TA1CCR2                 
000001b0  ADC10CTL0               
000001b2  ADC10CTL1               
000001b4  ADC10MEM                
000001bc  ADC10SA                 
00000200  _sys_memory             
00000348  green_led_task          
00000349  red_led_task            
0000034a  uart_receive_task       
0000034b  uart_transmit_task      
0000034c  return_argument         
0000034e  to_transmit             
00000350  _lock                   
00000352  _unlock                 
00000358  preemptive_func         
0000035c  sr_save                 
000003b0  _stack                  
00000400  __STACK_END             
000010c0  TLV_CHECKSUM            
000010da  TLV_ADC10_1_TAG         
000010db  TLV_ADC10_1_LEN         
000010f6  TLV_DCO_30_TAG          
000010f7  TLV_DCO_30_LEN          
000010f8  CALDCO_16MHZ            
000010f9  CALBC1_16MHZ            
000010fa  CALDCO_12MHZ            
000010fb  CALBC1_12MHZ            
000010fc  CALDCO_8MHZ             
000010fd  CALBC1_8MHZ             
000010fe  CALDCO_1MHZ             
000010ff  CALBC1_1MHZ             
0000c000  run_task                
0000c14e  os_create_task          
0000c226  malloc                  
0000c2d4  check_waitlist          
0000c374  check_readylist         
0000c410  free                    
0000c490  os_init                 
0000c55a  timerA0ISR              
0000c5bc  os_remove_tcb_from_list 
0000c61a  _auto_init              
0000c672  main                    
0000c6ba  minit                   
0000c6f2  os_schedule             
0000c720  __mspabi_slli           
0000c72c  __mspabi_slli_15        
0000c72e  __mspabi_slli_14        
0000c730  __mspabi_slli_13        
0000c732  __mspabi_slli_12        
0000c734  __mspabi_slli_11        
0000c736  __mspabi_slli_10        
0000c738  __mspabi_slli_9         
0000c73a  __mspabi_slli_8         
0000c73c  __mspabi_slli_7         
0000c73e  __mspabi_slli_6         
0000c740  __mspabi_slli_5         
0000c742  __mspabi_slli_4         
0000c744  __mspabi_slli_3         
0000c746  __mspabi_slli_2         
0000c748  __mspabi_slli_1         
0000c74c  ReceiveInterrupt        
0000c76e  os_start                
0000c78c  _c_int00_noargs_noexit  
0000c7a6  os_post_event           
0000c7c0  __TI_zero_init          
0000c7d4  __TI_decompress_none    
0000c7e6  memcpy                  
0000c7f8  __mspabi_func_epilog_7  
0000c7fa  __mspabi_func_epilog_6  
0000c7fc  __mspabi_func_epilog_5  
0000c7fe  __mspabi_func_epilog_4  
0000c800  __mspabi_func_epilog_3  
0000c802  __mspabi_func_epilog_2  
0000c804  __mspabi_func_epilog_1  
0000c808  init_led                
0000c81e  context_return          
0000c826  __TI_ISR_TRAP           
0000c832  __TI_decompress_rle24   
0000c838  _system_pre_init        
0000c83c  C$$EXIT                 
0000c83c  abort                   
0000c840  _nop                    
0000c852  __TI_Handler_Table_Base 
0000c858  __TI_Handler_Table_Limit
0000c85c  __TI_CINIT_Base         
0000c864  __TI_CINIT_Limit        
0000ffe0  __TI_int00              
0000ffe4  __TI_int02              
0000ffe6  __TI_int03              
0000ffea  __TI_int05              
0000ffec  __TI_int06              
0000ffee  __TI_int07              
0000fff0  __TI_int08              
0000fff2  __TI_int09              
0000fff4  __TI_int10              
0000fff6  __TI_int11              
0000fff8  __TI_int12              
0000fffa  __TI_int13              
0000fffc  __TI_int14              
0000fffe  _reset_vector           
ffffffff  __binit__               
ffffffff  __c_args__              
ffffffff  binit                   
UNDEFED   __TI_INITARRAY_Base     
UNDEFED   __TI_INITARRAY_Limit    

[187 symbols]
